
Allocating common symbols
Common symbol       size              file

global_rules_shadow
                    0x630             obj/kern/libdwarf_frame.o
ismp                0x4               obj/kern/mpconfig.o
lapicaddr           0x8               obj/kern/lapic.o
ts                  0x68              obj/kern/trap.o
end_debug           0x8               obj/kern/init.o
mydebug             0x60              obj/kern/kdebug.o
panicstr            0x8               obj/kern/init.o
boot_cr3            0x8               obj/kern/pmap.o
mpentry_kstack      0x8               obj/kern/init.o
cpus                0x220             obj/kern/mpconfig.o
global_std_op       0x200             obj/kern/libdwarf_lineno.o
lapic               0x8               obj/kern/lapic.o
bootcpu             0x8               obj/kern/mpconfig.o
_cie                0x78              obj/kern/kdebug.o
global_rules        0x630             obj/kern/libdwarf_frame.o
boot_pml4e          0x8               obj/kern/pmap.o
ncpu                0x4               obj/kern/mpconfig.o
_fde                0x80              obj/kern/kdebug.o
npages              0x8               obj/kern/pmap.o
pages               0x8               obj/kern/pmap.o
percpu_kstacks      0x40000           obj/kern/mpconfig.o

Discarded input sections

 .note.GNU-stack
                0x0000000000000000        0x0 obj/kern/init.o
 .note.GNU-stack
                0x0000000000000000        0x0 obj/kern/console.o
 .note.GNU-stack
                0x0000000000000000        0x0 obj/kern/monitor.o
 .note.GNU-stack
                0x0000000000000000        0x0 obj/kern/pmap.o
 .note.GNU-stack
                0x0000000000000000        0x0 obj/kern/env.o
 .note.GNU-stack
                0x0000000000000000        0x0 obj/kern/kclock.o
 .note.GNU-stack
                0x0000000000000000        0x0 obj/kern/picirq.o
 .note.GNU-stack
                0x0000000000000000        0x0 obj/kern/printf.o
 .note.GNU-stack
                0x0000000000000000        0x0 obj/kern/trap.o
 .note.GNU-stack
                0x0000000000000000        0x0 obj/kern/sched.o
 .note.GNU-stack
                0x0000000000000000        0x0 obj/kern/syscall.o
 .note.GNU-stack
                0x0000000000000000        0x0 obj/kern/kdebug.o
 .note.GNU-stack
                0x0000000000000000        0x0 obj/kern/printfmt.o
 .note.GNU-stack
                0x0000000000000000        0x0 obj/kern/readline.o
 .note.GNU-stack
                0x0000000000000000        0x0 obj/kern/string.o
 .note.GNU-stack
                0x0000000000000000        0x0 obj/kern/libdwarf_rw.o
 .note.GNU-stack
                0x0000000000000000        0x0 obj/kern/libdwarf_frame.o
 .note.GNU-stack
                0x0000000000000000        0x0 obj/kern/libdwarf_lineno.o
 .note.GNU-stack
                0x0000000000000000        0x0 obj/kern/elf_rw.o
 .note.GNU-stack
                0x0000000000000000        0x0 obj/kern/mpconfig.o
 .note.GNU-stack
                0x0000000000000000        0x0 obj/kern/lapic.o
 .note.GNU-stack
                0x0000000000000000        0x0 obj/kern/spinlock.o
 .note.GNU-stack
                0x0000000000000000        0x0 obj/kern/e1000.o
 .note.GNU-stack
                0x0000000000000000        0x0 obj/kern/pci.o
 .note.GNU-stack
                0x0000000000000000        0x0 obj/kern/time.o
 .note.GNU-stack
                0x0000000000000000        0x0 obj/vmm/ept.o
 .note.GNU-stack
                0x0000000000000000        0x0 obj/vmm/vmx.o
 .note.GNU-stack
                0x0000000000000000        0x0 obj/vmm/vmexits.o

Memory Configuration

Name             Origin             Length             Attributes
*default*        0x0000000000000000 0xffffffffffffffff

Linker script and memory map

                0x0000000000100000                . = 0x100000

.bootstrap      0x0000000000100000     0x7004
 obj/kern/bootstrap.o(.text .data .bss)
 .text          0x0000000000100000      0x115 obj/kern/bootstrap.o
                0x0000000000100000                _head64
                0x00000000001000e5                jumpto_longmode
 *fill*         0x0000000000100115      0xeeb 
 .data          0x0000000000101000     0x6004 obj/kern/bootstrap.o
                0x0000000000102000                pml4phys
                0x0000000000107000                multiboot_info
 .bss           0x0000000000107004        0x0 obj/kern/bootstrap.o
                0x0000008004200000                . = 0x8004200000

.text           0x0000008004200000    0x1dd60 load address 0x0000000000200000
 *(EXCLUDE_FILE(obj/kern/bootstrap.o) .text .stub .text.* .gnu.linkonce.t.*)
 .text          0x0000008004200000       0x58 obj/kern/entry.o
                0x000000800420000c                entry
                0x000000000020000c                _start
 .text          0x0000008004200058      0x695 obj/kern/init.o
                0x0000008004200099                i386_init
                0x0000008004200403                mp_main
                0x00000080042004c9                _panic
                0x0000008004200600                _warn
 .text          0x00000080042006ed      0xb58 obj/kern/console.o
                0x000000800420077d                serial_intr
                0x0000008004200fcc                kbd_intr
                0x00000080042010a6                cons_getc
                0x000000800420119a                cons_init
                0x00000080042011f3                cputchar
                0x0000008004201211                getchar
                0x0000008004201233                iscons
 .text          0x0000008004201245      0x8ad obj/kern/monitor.o
                0x0000008004201245                mon_help
                0x00000080042012dc                mon_kerninfo
                0x000000800420146a                mon_backtrace
                0x0000008004201a51                monitor
 .text          0x0000008004201af2     0x61aa obj/kern/pmap.o
                0x0000008004202631                x64_vm_init
                0x0000008004202beb                page_init
                0x0000008004202e9b                page_alloc
                0x0000008004202f4d                page_free
                0x0000008004202fcf                page_decref
                0x0000008004203010                pml4e_walk
                0x0000008004203289                pdpe_walk
                0x0000008004203502                pgdir_walk
                0x0000008004203a0d                page_insert
                0x0000008004203d7d                page_lookup
                0x0000008004203e08                page_remove
                0x0000008004203e7b                tlb_invalidate
                0x0000008004203f4a                mmio_map_region
                0x000000800420403f                user_mem_check
                0x000000800420415f                user_mem_assert
 .text          0x0000008004207c9c     0x1c5f obj/kern/env.o
                0x0000008004207e01                envid2env
                0x0000008004207f61                env_init
                0x000000800420802e                env_init_percpu
                0x0000008004208190                env_guest_alloc
                0x000000800420860a                env_guest_free
                0x0000008004208951                env_alloc
                0x0000008004208bdf                load_icode
                0x0000008004208fb2                env_create
                0x000000800420905a                env_free
                0x0000008004209513                env_destroy
                0x0000008004209602                env_pop_tf
                0x00000080042096de                env_run
 .text          0x00000080042098fb       0x7c obj/kern/kclock.o
                0x00000080042098fb                mc146818_read
                0x0000008004209937                mc146818_write
 .text          0x0000008004209977      0x273 obj/kern/picirq.o
                0x0000008004209977                pic_init
                0x0000008004209ac9                irq_setmask_8259A
                0x0000008004209bba                irq_eoi
 .text          0x0000008004209bea      0x165 obj/kern/printf.o
                0x0000008004209c18                vcprintf
                0x0000008004209c77                cprintf
 .text          0x0000008004209d4f     0x3a67 obj/kern/trap.o
                0x0000008004209def                trap_init
                0x000000800420c4f2                trap_init_percpu
                0x000000800420c96e                print_trapframe
                0x000000800420cc7f                print_regs
                0x000000800420d0e7                trap
                0x000000800420d444                page_fault_handler
 *fill*         0x000000800420d7b6        0xa 
 .text          0x000000800420d7c0      0x1c2 obj/kern/trapentry.o
                0x000000800420d7c0                Xdivide
                0x000000800420d7ca                Xdebug
                0x000000800420d7d4                Xnmi
                0x000000800420d7de                Xbrkpt
                0x000000800420d7e8                Xoflow
                0x000000800420d7f2                Xbound
                0x000000800420d7fc                Xillop
                0x000000800420d806                Xdevice
                0x000000800420d810                Xdblflt
                0x000000800420d818                Xtss
                0x000000800420d820                Xsegnp
                0x000000800420d828                Xstack
                0x000000800420d830                Xgpflt
                0x000000800420d838                Xpgflt
                0x000000800420d840                Xfperr
                0x000000800420d84a                Xalign
                0x000000800420d852                Xmchk
                0x000000800420d85c                Xirq0
                0x000000800420d866                Xirq1
                0x000000800420d870                Xirq2
                0x000000800420d87a                Xirq3
                0x000000800420d884                Xirq4
                0x000000800420d88e                Xirq5
                0x000000800420d898                Xirq6
                0x000000800420d8a2                Xirq7
                0x000000800420d8ac                Xirq8
                0x000000800420d8b6                Xirq9
                0x000000800420d8c0                Xirq10
                0x000000800420d8ca                Xirq11
                0x000000800420d8d4                Xirq12
                0x000000800420d8de                Xirq13
                0x000000800420d8e8                Xirq14
                0x000000800420d8f2                Xirq15
                0x000000800420d8fc                Xsyscall
                0x000000800420d906                Xdefault
                0x000000800420d910                _alltraps
 .text          0x000000800420d982      0x657 obj/kern/sched.o
                0x000000800420da66                sched_yield
                0x000000800420ddd8                sched_halt
 .text          0x000000800420dfd9     0x10d8 obj/kern/syscall.o
                0x000000800420ed79                syscall
                0x000000800420f073                _export_sys_ept_map
 .text          0x000000800420f0b1      0xc2f obj/kern/kdebug.o
                0x000000800420f0b1                list_func_die
                0x000000800420f817                debuginfo_rip
 .text          0x000000800420fce0      0xa71 obj/kern/printfmt.o
                0x000000800420ffbb                vprintfmt
                0x00000080042104d3                printfmt
                0x00000080042105d3                vsnprintf
                0x0000008004210670                snprintf
 .text          0x0000008004210751      0x155 obj/kern/readline.o
                0x0000008004210751                readline
 .text          0x00000080042108a6      0x7c5 obj/kern/string.o
                0x00000080042108a6                strlen
                0x00000080042108d4                strnlen
                0x0000008004210912                strcpy
                0x0000008004210955                strcat
                0x00000080042109a4                strncpy
                0x0000008004210a04                strlcpy
                0x0000008004210a74                strcmp
                0x0000008004210ac7                strncmp
                0x0000008004210b38                strchr
                0x0000008004210b74                strfind
                0x0000008004210bab                memset
                0x0000008004210c36                memmove
                0x0000008004210d4d                memcpy
                0x0000008004210d81                memcmp
                0x0000008004210df5                memfind
                0x0000008004210e3e                strtol
                0x0000008004210fd0                strstr
 .text          0x000000800421106b     0x1f4d obj/kern/libdwarf_rw.o
                0x000000800421106b                _dwarf_read_lsb
                0x0000008004211197                _dwarf_decode_lsb
                0x00000080042112b8                _dwarf_read_msb
                0x000000800421146a                _dwarf_decode_msb
                0x0000008004211619                _dwarf_read_sleb128
                0x00000080042116bd                _dwarf_read_uleb128
                0x000000800421173c                _dwarf_decode_sleb128
                0x00000080042117ce                _dwarf_decode_uleb128
                0x000000800421183b                _dwarf_read_string
                0x00000080042118ca                _dwarf_read_block
                0x0000008004211913                _dwarf_elf_get_byte_order
                0x0000008004211981                _dwarf_elf_get_pointer_size
                0x00000080042119eb                _dwarf_init
                0x0000008004211acd                _get_next_cu
                0x0000008004211c68                print_cu
                0x0000008004211c9f                _dwarf_abbrev_parse
                0x0000008004211f22                _dwarf_abbrev_find
                0x0000008004212053                _dwarf_attr_init
                0x00000080042126e4                dwarf_search_die_within_cu
                0x00000080042129dd                dwarf_offdie
                0x0000008004212ae0                _dwarf_attr_find
                0x0000008004212b73                dwarf_siblingof
                0x0000008004212db7                dwarf_child
                0x0000008004212f5b                _dwarf_find_section_enhanced
 .text          0x0000008004212fb8     0x257f obj/kern/libdwarf_frame.o
                0x0000008004212fb8                _dwarf_frame_params_init
                0x0000008004212ff8                dwarf_get_fde_at_pc
                0x00000080042130ca                _dwarf_frame_regtable_copy
                0x0000008004214077                _dwarf_frame_get_internal_table
                0x0000008004214304                dwarf_get_fde_info_for_all_regs
                0x00000080042151a6                _dwarf_frame_interal_table_init
                0x000000800421545f                dwarf_set_frame_cfa_value
                0x000000800421548f                dwarf_init_eh_section
 .text          0x0000008004215537      0xd4b obj/kern/libdwarf_lineno.o
                0x0000008004215b93                _dwarf_lineno_init
                0x0000008004216107                dwarf_srclines
 .text          0x0000008004216282      0xd12 obj/kern/elf_rw.o
                0x0000008004216282                _dwarf_find_section
                0x0000008004216302                find_debug_sections
                0x00000080042165cb                read_section_headers
                0x0000008004216d0a                readseg
                0x0000008004216e6e                waitdisk
                0x0000008004216e9a                readsect
 *fill*         0x0000008004216f94        0x4 
 .text          0x0000008004216f98       0xe7 obj/kern/mpentry.o
                0x0000008004216f98                mpentry_start
                0x000000800421707e                mpentry_end
 .text          0x000000800421707f      0x8f2 obj/kern/mpconfig.o
                0x0000008004217555                mp_init
 .text          0x0000008004217971      0x473 obj/kern/lapic.o
                0x00000080042179b3                lapic_init
                0x0000008004217baa                cpunum
                0x0000008004217bdf                lapic_eoi
                0x0000008004217c1a                lapic_startap
                0x0000008004217d9d                lapic_ipi
 .text          0x0000008004217de4      0x472 obj/kern/spinlock.o
                0x0000008004217f01                __spin_initlock
                0x0000008004217f35                spin_lock
                0x000000800421800c                spin_unlock
 .text          0x0000008004218256      0x680 obj/kern/e1000.o
                0x0000008004218256                e1000_attach
                0x00000080042185e1                e1000_transmit
                0x0000008004218750                e1000_receive
 .text          0x00000080042188d6      0xafa obj/kern/pci.o
                0x0000008004219113                pci_func_enable
                0x0000008004219394                pci_init
 .text          0x00000080042193d0       0xa3 obj/kern/time.o
                0x00000080042193d0                time_init
                0x00000080042193e6                time_tick
                0x0000008004219458                time_msec
 .text          0x0000008004219473     0x12f9 obj/vmm/ept.o
                0x0000008004219696                ept_gpa2hva
                0x000000800421994e                free_guest_mem
                0x0000008004219982                ept_page_insert
                0x00000080042199a0                ept_map_hva2gpa
                0x00000080042199c2                ept_alloc_static
                0x0000008004219ae6                test_ept_map
 .text          0x000000800421a76c     0x2bab obj/vmm/vmx.o
                0x000000800421a935                vmx_list_vms
                0x000000800421a9f5                vmx_sel_resume
                0x000000800421aacb                vmx_check_support
                0x000000800421ab4c                vmx_check_ept
                0x000000800421ac19                check_fixed_bits
                0x000000800421ace2                vmx_init_vmcs
                0x000000800421ade8                vmx_init_vmxon
                0x000000800421b299                vmcs_host_init
                0x000000800421b667                vmcs_guest_init
                0x000000800421bea5                vmx_read_capability_msr
                0x000000800421c574                vmcs_dump_cpu
                0x000000800421c6b5                vmexit
                0x000000800421cc5f                asm_vmrun
                0x000000800421cdef                msr_setup
                0x000000800421cf02                bitmap_setup
                0x000000800421d044                vmx_vmrun
 .text          0x000000800421d317      0xa49 obj/vmm/vmexits.o
                0x000000800421d430                vmx_get_vmdisk_number
                0x000000800421d442                vmx_incr_vmdisk_number
                0x000000800421d463                find_msr_in_region
                0x000000800421d4ba                handle_interrupt_window
                0x000000800421d53b                handle_interrupts
                0x000000800421d5e8                handle_rdmsr
                0x000000800421d6f0                handle_wrmsr
                0x000000800421d85c                handle_eptviolation
                0x000000800421da4e                handle_ioinstr
                0x000000800421dc2d                handle_cpuid
                0x000000800421dc67                handle_vmcall
                0x000000800421dd60                PROVIDE (etext, .)

.iplt           0x000000800421dd60        0x0 load address 0x000000000021dd60
 .iplt          0x0000000000000000        0x0 obj/kern/bootstrap.o

.rodata         0x000000800421dd60     0x3e08 load address 0x000000000021dd60
 *(EXCLUDE_FILE(obj/kern/bootstrap.o) .rodata .rodata.* .gnu.linkonce.r.*)
 .rodata        0x000000800421dd60       0xd6 obj/kern/init.o
 .rodata        0x000000800421de36       0x29 obj/kern/console.o
 *fill*         0x000000800421de5f        0x1 
 .rodata        0x000000800421de60      0x2e1 obj/kern/monitor.o
 *fill*         0x000000800421e141        0x7 
 .rodata        0x000000800421e148      0xf2c obj/kern/pmap.o
 *fill*         0x000000800421f074        0x4 
 .rodata        0x000000800421f078      0x1dd obj/kern/env.o
 .rodata        0x000000800421f255       0x1a obj/kern/picirq.o
 *fill*         0x000000800421f26f       0x11 
 .rodata        0x000000800421f280      0x4a0 obj/kern/trap.o
 .rodata        0x000000800421f720       0x8c obj/kern/sched.o
 *fill*         0x000000800421f7ac        0x4 
 .rodata        0x000000800421f7b0      0x1c8 obj/kern/syscall.o
 *fill*         0x000000800421f978        0x8 
 .rodata        0x000000800421f980      0x37b obj/kern/kdebug.o
 *fill*         0x000000800421fcfb        0x5 
 .rodata        0x000000800421fd00      0x4c8 obj/kern/printfmt.o
 .rodata        0x00000080042201c8       0x13 obj/kern/readline.o
 *fill*         0x00000080042201db        0x5 
 .rodata        0x00000080042201e0      0x1ab obj/kern/libdwarf_rw.o
 *fill*         0x000000800422038b        0x5 
 .rodata        0x0000008004220390      0x1d8 obj/kern/libdwarf_frame.o
 .rodata        0x0000008004220568       0xc3 obj/kern/libdwarf_lineno.o
 .rodata        0x000000800422062b       0xa7 obj/kern/elf_rw.o
 *fill*         0x00000080042206d2        0x6 
 .rodata        0x00000080042206d8      0x291 obj/kern/mpconfig.o
 *fill*         0x0000008004220969        0x7 
 .rodata        0x0000008004220970       0x33 obj/kern/lapic.o
 *fill*         0x00000080042209a3        0x5 
 .rodata        0x00000080042209a8       0xf1 obj/kern/spinlock.o
 *fill*         0x0000008004220a99        0x7 
 .rodata        0x0000008004220aa0       0x87 obj/kern/e1000.o
 *fill*         0x0000008004220b27        0x1 
 .rodata        0x0000008004220b28      0x287 obj/kern/pci.o
 .rodata        0x0000008004220daf       0x2a obj/kern/time.o
 *fill*         0x0000008004220dd9        0x7 
 .rodata        0x0000008004220de0      0x786 obj/vmm/ept.o
 *fill*         0x0000008004221566        0x2 
 .rodata        0x0000008004221568      0x467 obj/vmm/vmx.o
 *fill*         0x00000080042219cf        0x1 
 .rodata        0x00000080042219d0      0x198 obj/vmm/vmexits.o

.eh_frame       0x0000008004221b68     0x2660 load address 0x0000000000221b68
 .eh_frame      0x0000008004221b68       0xf8 obj/kern/init.o
                                         0xf0 (size before relaxing)
 .eh_frame      0x0000008004221c60      0x240 obj/kern/console.o
                                        0x258 (size before relaxing)
 .eh_frame      0x0000008004221ea0       0xc0 obj/kern/monitor.o
                                         0xd8 (size before relaxing)
 .eh_frame      0x0000008004221f60      0x438 obj/kern/pmap.o
                                        0x448 (size before relaxing)
 .eh_frame      0x0000008004222398      0x280 obj/kern/env.o
                                        0x290 (size before relaxing)
 .eh_frame      0x0000008004222618       0x40 obj/kern/kclock.o
                                         0x58 (size before relaxing)
 .eh_frame      0x0000008004222658       0x60 obj/kern/picirq.o
                                         0x78 (size before relaxing)
 .eh_frame      0x00000080042226b8       0x60 obj/kern/printf.o
                                         0x78 (size before relaxing)
 .eh_frame      0x0000008004222718      0x148 obj/kern/trap.o
                                        0x158 (size before relaxing)
 .eh_frame      0x0000008004222860       0xa8 obj/kern/sched.o
                                         0xc0 (size before relaxing)
 .eh_frame      0x0000008004222908      0x330 obj/kern/syscall.o
                                        0x340 (size before relaxing)
 .eh_frame      0x0000008004222c38       0x48 obj/kern/kdebug.o
                                         0x60 (size before relaxing)
 .eh_frame      0x0000008004222c80      0x118 obj/kern/printfmt.o
                                        0x128 (size before relaxing)
 .eh_frame      0x0000008004222d98       0x20 obj/kern/readline.o
                                         0x38 (size before relaxing)
 .eh_frame      0x0000008004222db8      0x220 obj/kern/string.o
                                        0x238 (size before relaxing)
 .eh_frame      0x0000008004222fd8      0x308 obj/kern/libdwarf_rw.o
                                        0x320 (size before relaxing)
 .eh_frame      0x00000080042232e0      0x1d0 obj/kern/libdwarf_frame.o
                                        0x1e8 (size before relaxing)
 .eh_frame      0x00000080042234b0       0x98 obj/kern/libdwarf_lineno.o
                                         0xb0 (size before relaxing)
 .eh_frame      0x0000008004223548       0xc0 obj/kern/elf_rw.o
                                         0xd8 (size before relaxing)
 .eh_frame      0x0000008004223608       0xa8 obj/kern/mpconfig.o
                                         0xc0 (size before relaxing)
 .eh_frame      0x00000080042236b0       0xe0 obj/kern/lapic.o
                                         0xf8 (size before relaxing)
 .eh_frame      0x0000008004223790       0xe0 obj/kern/spinlock.o
                                         0xf0 (size before relaxing)
 .eh_frame      0x0000008004223870       0x60 obj/kern/e1000.o
                                         0x78 (size before relaxing)
 .eh_frame      0x00000080042238d0      0x140 obj/kern/pci.o
                                        0x158 (size before relaxing)
 .eh_frame      0x0000008004223a10       0x60 obj/kern/time.o
                                         0x78 (size before relaxing)
 .eh_frame      0x0000008004223a70      0x1e8 obj/vmm/ept.o
                                        0x200 (size before relaxing)
 .eh_frame      0x0000008004223c58      0x350 obj/vmm/vmx.o
                                        0x368 (size before relaxing)
 .eh_frame      0x0000008004223fa8      0x220 obj/vmm/vmexits.o
                                        0x230 (size before relaxing)

.rela.dyn       0x00000080042241c8        0x0 load address 0x00000000002241c8
 .rela.iplt     0x0000000000000000        0x0 obj/kern/bootstrap.o
 .rela.text     0x0000000000000000        0x0 obj/kern/bootstrap.o
 .rela.data     0x0000000000000000        0x0 obj/kern/bootstrap.o
                0x0000008004225000                . = ALIGN (0x1000)

.data           0x0000008004225000   0x2b8277 load address 0x0000000000225000
 *(EXCLUDE_FILE(obj/kern/bootstrap.o) .data)
 .data          0x0000008004225000    0x10042 obj/kern/entry.o
                0x0000008004225000                bootstack
                0x0000008004235000                kernel_64
                0x0000008004235000                bootstacktop
                0x0000008004235038                gdtdesc_64
 .data          0x0000008004235042        0x0 obj/kern/init.o
 *fill*         0x0000008004235042       0x1e 
 .data          0x0000008004235060      0x520 obj/kern/console.o
 .data          0x0000008004235580       0x60 obj/kern/monitor.o
 .data          0x00000080042355e0        0x8 obj/kern/pmap.o
 *fill*         0x00000080042355e8       0x18 
 .data          0x0000008004235600       0x72 obj/kern/env.o
                0x0000008004235600                gdt
                0x0000008004235668                gdt_pd
 .data          0x0000008004235672        0x0 obj/kern/kclock.o
 .data          0x0000008004235672        0x2 obj/kern/picirq.o
                0x0000008004235672                irq_mask_8259A
 .data          0x0000008004235674        0x0 obj/kern/printf.o
 .data          0x0000008004235674        0x0 obj/kern/trap.o
 .data          0x0000008004235674        0x0 obj/kern/trapentry.o
 .data          0x0000008004235674        0x0 obj/kern/sched.o
 .data          0x0000008004235674        0x0 obj/kern/syscall.o
 *fill*         0x0000008004235674        0x4 
 .data          0x0000008004235678       0x18 obj/kern/kdebug.o
                0x0000008004235678                fde
                0x0000008004235680                cie
                0x0000008004235688                dbg
 .data          0x0000008004235690        0x0 obj/kern/printfmt.o
 .data          0x0000008004235690        0x0 obj/kern/readline.o
 .data          0x0000008004235690        0x0 obj/kern/string.o
 .data          0x0000008004235690        0x0 obj/kern/libdwarf_rw.o
 *fill*         0x0000008004235690       0x10 
 .data          0x00000080042356a0       0x20 obj/kern/libdwarf_frame.o
                0x00000080042356a0                debug_frame_sec
 .data          0x00000080042356c0        0x0 obj/kern/libdwarf_lineno.o
 .data          0x00000080042356c0       0xa0 obj/kern/elf_rw.o
                0x00000080042356c0                section_info
 .data          0x0000008004235760        0x0 obj/kern/mpentry.o
 .data          0x0000008004235760        0x0 obj/kern/mpconfig.o
 .data          0x0000008004235760        0x0 obj/kern/lapic.o
 .data          0x0000008004235760       0x68 obj/kern/spinlock.o
                0x0000008004235760                kernel_lock
 .data          0x00000080042357c8        0x0 obj/kern/e1000.o
 *fill*         0x00000080042357c8       0x18 
 .data          0x00000080042357e0       0x98 obj/kern/pci.o
                0x0000008004235800                pci_attach_class
                0x0000008004235820                pci_attach_vendor
 .data          0x0000008004235878        0x0 obj/kern/time.o
 .data          0x0000008004235878        0x0 obj/vmm/ept.o
 .data          0x0000008004235878        0x0 obj/vmm/vmx.o
 .data          0x0000008004235878        0x0 obj/vmm/vmexits.o
 .data          0x0000008004235878    0x16239 obj/user/hello
                0x0000008004235878                _binary_obj_user_hello_start
                0x000000800424bab1                _binary_obj_user_hello_end
 .data          0x000000800424bab1    0x15d18 obj/user/idle
                0x000000800424bab1                _binary_obj_user_idle_start
                0x00000080042617c9                _binary_obj_user_idle_end
 .data          0x00000080042617c9    0x17656 obj/user/testfile
                0x00000080042617c9                _binary_obj_user_testfile_start
                0x0000008004278e1f                _binary_obj_user_testfile_end
 .data          0x0000008004278e1f    0x15da5 obj/user/writemotd
                0x0000008004278e1f                _binary_obj_user_writemotd_start
                0x000000800428ebc4                _binary_obj_user_writemotd_end
 .data          0x000000800428ebc4    0x187f4 obj/user/spawnhello
                0x000000800428ebc4                _binary_obj_user_spawnhello_start
                0x00000080042a73b8                _binary_obj_user_spawnhello_end
 .data          0x00000080042a73b8    0x18337 obj/user/icode
                0x00000080042a73b8                _binary_obj_user_icode_start
                0x00000080042bf6ef                _binary_obj_user_icode_end
 .data          0x00000080042bf6ef    0x279f9 obj/fs/fs
                0x00000080042bf6ef                _binary_obj_fs_fs_start
                0x00000080042e70e8                _binary_obj_fs_fs_end
 .data          0x00000080042e70e8    0x15f42 obj/user/testtime
                0x00000080042e70e8                _binary_obj_user_testtime_start
                0x00000080042fd02a                _binary_obj_user_testtime_end
 .data          0x00000080042fd02a    0x1a40a obj/user/httpd
                0x00000080042fd02a                _binary_obj_user_httpd_start
                0x0000008004317434                _binary_obj_user_httpd_end
 .data          0x0000008004317434    0x17c5b obj/user/echosrv
                0x0000008004317434                _binary_obj_user_echosrv_start
                0x000000800432f08f                _binary_obj_user_echosrv_end
 .data          0x000000800432f08f    0x17b9a obj/user/echotest
                0x000000800432f08f                _binary_obj_user_echotest_start
                0x0000008004346c29                _binary_obj_user_echotest_end
 .data          0x0000008004346c29    0x1973c obj/net/testoutput
                0x0000008004346c29                _binary_obj_net_testoutput_start
                0x0000008004360365                _binary_obj_net_testoutput_end
 .data          0x0000008004360365    0x1b786 obj/net/testinput
                0x0000008004360365                _binary_obj_net_testinput_start
                0x000000800437baeb                _binary_obj_net_testinput_end
 .data          0x000000800437baeb    0x64ff6 obj/net/ns
                0x000000800437baeb                _binary_obj_net_ns_start
                0x00000080043e0ae1                _binary_obj_net_ns_end
 .data          0x00000080043e0ae1    0x1b109 obj/user/testpteshare
                0x00000080043e0ae1                _binary_obj_user_testpteshare_start
                0x00000080043fbbea                _binary_obj_user_testpteshare_end
 .data          0x00000080043fbbea    0x18b1f obj/user/testfdsharing
                0x00000080043fbbea                _binary_obj_user_testfdsharing_start
                0x0000008004414709                _binary_obj_user_testfdsharing_end
 .data          0x0000008004414709    0x1901d obj/user/testpipe
                0x0000008004414709                _binary_obj_user_testpipe_start
                0x000000800442d726                _binary_obj_user_testpipe_end
 .data          0x000000800442d726    0x188f9 obj/user/testpiperace
                0x000000800442d726                _binary_obj_user_testpiperace_start
                0x000000800444601f                _binary_obj_user_testpiperace_end
 .data          0x000000800444601f    0x188ca obj/user/testpiperace2
                0x000000800444601f                _binary_obj_user_testpiperace2_start
                0x000000800445e8e9                _binary_obj_user_testpiperace2_end
 .data          0x000000800445e8e9    0x18399 obj/user/primespipe
                0x000000800445e8e9                _binary_obj_user_primespipe_start
                0x0000008004476c82                _binary_obj_user_primespipe_end
 .data          0x0000008004476c82    0x1697e obj/user/testkbd
                0x0000008004476c82                _binary_obj_user_testkbd_start
                0x000000800448d600                _binary_obj_user_testkbd_end
 .data          0x000000800448d600    0x1b18e obj/user/testshell
                0x000000800448d600                _binary_obj_user_testshell_start
                0x00000080044a878e                _binary_obj_user_testshell_end
 .data          0x00000080044a878e    0x1696c obj/user/vmm
                0x00000080044a878e                _binary_obj_user_vmm_start
                0x00000080044bf0fa                _binary_obj_user_vmm_end
 .data          0x00000080044bf0fa    0x1e17d obj/user/sh
                0x00000080044bf0fa                _binary_obj_user_sh_start
                0x00000080044dd277                _binary_obj_user_sh_end
                0x00000080044dd277                PROVIDE (edata, .)

.igot.plt       0x00000080044dd278        0x0 load address 0x00000000004dd278
 .igot.plt      0x0000000000000000        0x0 obj/kern/bootstrap.o

.bss            0x00000080044de000   0x242010 load address 0x00000000004de000
 *(EXCLUDE_FILE(obj/kern/bootstrap.o) .bss)
 .bss           0x00000080044de000        0x0 obj/kern/entry.o
 .bss           0x00000080044de000        0x0 obj/kern/init.o
 .bss           0x00000080044de000      0x22c obj/kern/console.o
 .bss           0x00000080044de22c        0x0 obj/kern/monitor.o
 *fill*         0x00000080044de22c        0x4 
 .bss           0x00000080044de230       0x20 obj/kern/pmap.o
 .bss           0x00000080044de250       0x18 obj/kern/env.o
                0x00000080044de250                vcpu_count
                0x00000080044de258                envs
 .bss           0x00000080044de268        0x0 obj/kern/kclock.o
 .bss           0x00000080044de268        0x1 obj/kern/picirq.o
 .bss           0x00000080044de269        0x0 obj/kern/printf.o
 *fill*         0x00000080044de269       0x17 
 .bss           0x00000080044de280     0x1018 obj/kern/trap.o
                0x00000080044de280                idt
                0x00000080044df280                idt_pd
 .bss           0x00000080044df298        0x0 obj/kern/trapentry.o
 .bss           0x00000080044df298        0x0 obj/kern/sched.o
 .bss           0x00000080044df298        0x0 obj/kern/syscall.o
 .bss           0x00000080044df298        0x8 obj/kern/kdebug.o
 .bss           0x00000080044df2a0        0x0 obj/kern/printfmt.o
 .bss           0x00000080044df2a0      0x400 obj/kern/readline.o
 .bss           0x00000080044df6a0        0x0 obj/kern/string.o
 .bss           0x00000080044df6a0        0x0 obj/kern/libdwarf_rw.o
 .bss           0x00000080044df6a0       0x68 obj/kern/libdwarf_frame.o
                0x00000080044df6a0                global_rt_table
                0x00000080044df6e0                global_rt_table_shadow
 .bss           0x00000080044df708        0x0 obj/kern/libdwarf_lineno.o
 .bss           0x00000080044df708        0x0 obj/kern/elf_rw.o
 .bss           0x00000080044df708        0x0 obj/kern/mpentry.o
 .bss           0x00000080044df708        0x0 obj/kern/mpconfig.o
 .bss           0x00000080044df708        0x0 obj/kern/lapic.o
 .bss           0x00000080044df708        0x0 obj/kern/spinlock.o
 *fill*         0x00000080044df708       0x18 
 .bss           0x00000080044df720   0x1fde80 obj/kern/e1000.o
 .bss           0x00000080046dd5a0       0x20 obj/kern/pci.o
 .bss           0x00000080046dd5c0        0x4 obj/kern/time.o
 .bss           0x00000080046dd5c4        0x0 obj/vmm/ept.o
 .bss           0x00000080046dd5c4        0x4 obj/vmm/vmx.o
 .bss           0x00000080046dd5c8        0x8 obj/vmm/vmexits.o
 COMMON         0x00000080046dd5d0       0x18 obj/kern/init.o
                0x00000080046dd5d0                end_debug
                0x00000080046dd5d8                panicstr
                0x00000080046dd5e0                mpentry_kstack
 COMMON         0x00000080046dd5e8       0x20 obj/kern/pmap.o
                0x00000080046dd5e8                boot_cr3
                0x00000080046dd5f0                boot_pml4e
                0x00000080046dd5f8                npages
                0x00000080046dd600                pages
 *fill*         0x00000080046dd608       0x18 
 COMMON         0x00000080046dd620       0x68 obj/kern/trap.o
                0x00000080046dd620                ts
 *fill*         0x00000080046dd688       0x18 
 COMMON         0x00000080046dd6a0      0x160 obj/kern/kdebug.o
                0x00000080046dd6a0                mydebug
                0x00000080046dd700                _cie
                0x00000080046dd780                _fde
 COMMON         0x00000080046dd800      0xc70 obj/kern/libdwarf_frame.o
                0x00000080046dd800                global_rules_shadow
                0x00000080046dde40                global_rules
 *fill*         0x00000080046de470       0x10 
 COMMON         0x00000080046de480      0x200 obj/kern/libdwarf_lineno.o
                0x00000080046de480                global_std_op
 *fill*         0x00000080046de680      0x980 
 COMMON         0x00000080046df000    0x41000 obj/kern/mpconfig.o
                0x00000080046df000                ismp
                0x00000080046df020                cpus
                0x00000080046df240                bootcpu
                0x00000080046df248                ncpu
                0x00000080046e0000                percpu_kstacks
 COMMON         0x0000008004720000       0x10 obj/kern/lapic.o
                0x0000008004720000                lapicaddr
                0x0000008004720008                lapic
                0x0000008004720010                PROVIDE (end, .)

.debug
 *(.debug)

.line
 *(.line)

.debug_srcinfo
 *(.debug_srcinfo)

.debug_sfnames
 *(.debug_sfnames)

.debug_aranges  0x0000000000000000      0x600
 *(.debug_aranges)
 .debug_aranges
                0x0000000000000000       0x30 obj/kern/bootstrap.o
 .debug_aranges
                0x0000000000000030       0x30 obj/kern/entry.o
 .debug_aranges
                0x0000000000000060       0x30 obj/kern/init.o
 .debug_aranges
                0x0000000000000090       0x30 obj/kern/console.o
 .debug_aranges
                0x00000000000000c0       0x30 obj/kern/monitor.o
 .debug_aranges
                0x00000000000000f0       0x30 obj/kern/pmap.o
 .debug_aranges
                0x0000000000000120       0x30 obj/kern/env.o
 .debug_aranges
                0x0000000000000150       0x30 obj/kern/kclock.o
 .debug_aranges
                0x0000000000000180       0x30 obj/kern/picirq.o
 .debug_aranges
                0x00000000000001b0       0x30 obj/kern/printf.o
 .debug_aranges
                0x00000000000001e0       0x30 obj/kern/trap.o
 .debug_aranges
                0x0000000000000210       0x30 obj/kern/trapentry.o
 .debug_aranges
                0x0000000000000240       0x30 obj/kern/sched.o
 .debug_aranges
                0x0000000000000270       0x30 obj/kern/syscall.o
 .debug_aranges
                0x00000000000002a0       0x30 obj/kern/kdebug.o
 .debug_aranges
                0x00000000000002d0       0x30 obj/kern/printfmt.o
 .debug_aranges
                0x0000000000000300       0x30 obj/kern/readline.o
 .debug_aranges
                0x0000000000000330       0x30 obj/kern/string.o
 .debug_aranges
                0x0000000000000360       0x30 obj/kern/libdwarf_rw.o
 .debug_aranges
                0x0000000000000390       0x30 obj/kern/libdwarf_frame.o
 .debug_aranges
                0x00000000000003c0       0x30 obj/kern/libdwarf_lineno.o
 .debug_aranges
                0x00000000000003f0       0x30 obj/kern/elf_rw.o
 .debug_aranges
                0x0000000000000420       0x30 obj/kern/mpentry.o
 .debug_aranges
                0x0000000000000450       0x30 obj/kern/mpconfig.o
 .debug_aranges
                0x0000000000000480       0x30 obj/kern/lapic.o
 .debug_aranges
                0x00000000000004b0       0x30 obj/kern/spinlock.o
 .debug_aranges
                0x00000000000004e0       0x30 obj/kern/e1000.o
 .debug_aranges
                0x0000000000000510       0x30 obj/kern/pci.o
 .debug_aranges
                0x0000000000000540       0x30 obj/kern/time.o
 .debug_aranges
                0x0000000000000570       0x30 obj/vmm/ept.o
 .debug_aranges
                0x00000000000005a0       0x30 obj/vmm/vmx.o
 .debug_aranges
                0x00000000000005d0       0x30 obj/vmm/vmexits.o

.debug_pubnames
 *(.debug_pubnames)

.debug_info     0x0000000000000000    0x165d4
 *(.debug_info .gnu.linkonce.wi.*)
 .debug_info    0x0000000000000000       0x5f obj/kern/bootstrap.o
 .debug_info    0x000000000000005f       0x5b obj/kern/entry.o
 .debug_info    0x00000000000000ba      0xb62 obj/kern/init.o
 .debug_info    0x0000000000000c1c      0xcb8 obj/kern/console.o
 .debug_info    0x00000000000018d4      0x8de obj/kern/monitor.o
 .debug_info    0x00000000000021b2     0x23db obj/kern/pmap.o
 .debug_info    0x000000000000458d     0x14d0 obj/kern/env.o
 .debug_info    0x0000000000005a5d      0x1ee obj/kern/kclock.o
 .debug_info    0x0000000000005c4b      0x483 obj/kern/picirq.o
 .debug_info    0x00000000000060ce      0x1ec obj/kern/printf.o
 .debug_info    0x00000000000062ba     0x12ae obj/kern/trap.o
 .debug_info    0x0000000000007568       0x5f obj/kern/trapentry.o
 .debug_info    0x00000000000075c7      0x903 obj/kern/sched.o
 .debug_info    0x0000000000007eca     0x1000 obj/kern/syscall.o
 .debug_info    0x0000000000008eca     0x154d obj/kern/kdebug.o
 .debug_info    0x000000000000a417      0x5f5 obj/kern/printfmt.o
 .debug_info    0x000000000000aa0c      0x169 obj/kern/readline.o
 .debug_info    0x000000000000ab75      0x6a6 obj/kern/string.o
 .debug_info    0x000000000000b21b     0x1425 obj/kern/libdwarf_rw.o
 .debug_info    0x000000000000c640     0x1094 obj/kern/libdwarf_frame.o
 .debug_info    0x000000000000d6d4      0xdf0 obj/kern/libdwarf_lineno.o
 .debug_info    0x000000000000e4c4      0x96b obj/kern/elf_rw.o
 .debug_info    0x000000000000ee2f       0x5d obj/kern/mpentry.o
 .debug_info    0x000000000000ee8c      0xcc8 obj/kern/mpconfig.o
 .debug_info    0x000000000000fb54      0x8ec obj/kern/lapic.o
 .debug_info    0x0000000000010440      0xa4a obj/kern/spinlock.o
 .debug_info    0x0000000000010e8a      0x598 obj/kern/e1000.o
 .debug_info    0x0000000000011422      0x70a obj/kern/pci.o
 .debug_info    0x0000000000011b2c       0xaf obj/kern/time.o
 .debug_info    0x0000000000011bdb      0xd2c obj/vmm/ept.o
 .debug_info    0x0000000000012907     0x2b1a obj/vmm/vmx.o
 .debug_info    0x0000000000015421     0x11b3 obj/vmm/vmexits.o

.debug_abbrev   0x0000000000000000     0x37d9
 *(.debug_abbrev)
 .debug_abbrev  0x0000000000000000       0x14 obj/kern/bootstrap.o
 .debug_abbrev  0x0000000000000014       0x14 obj/kern/entry.o
 .debug_abbrev  0x0000000000000028      0x26a obj/kern/init.o
 .debug_abbrev  0x0000000000000292      0x2d5 obj/kern/console.o
 .debug_abbrev  0x0000000000000567      0x1ef obj/kern/monitor.o
 .debug_abbrev  0x0000000000000756      0x2c7 obj/kern/pmap.o
 .debug_abbrev  0x0000000000000a1d      0x31e obj/kern/env.o
 .debug_abbrev  0x0000000000000d3b      0x102 obj/kern/kclock.o
 .debug_abbrev  0x0000000000000e3d       0xf0 obj/kern/picirq.o
 .debug_abbrev  0x0000000000000f2d       0xef obj/kern/printf.o
 .debug_abbrev  0x000000000000101c      0x32b obj/kern/trap.o
 .debug_abbrev  0x0000000000001347       0x14 obj/kern/trapentry.o
 .debug_abbrev  0x000000000000135b      0x1dc obj/kern/sched.o
 .debug_abbrev  0x0000000000001537      0x27a obj/kern/syscall.o
 .debug_abbrev  0x00000000000017b1      0x264 obj/kern/kdebug.o
 .debug_abbrev  0x0000000000001a15      0x1e6 obj/kern/printfmt.o
 .debug_abbrev  0x0000000000001bfb       0xab obj/kern/readline.o
 .debug_abbrev  0x0000000000001ca6      0x115 obj/kern/string.o
 .debug_abbrev  0x0000000000001dbb      0x1f8 obj/kern/libdwarf_rw.o
 .debug_abbrev  0x0000000000001fb3      0x22a obj/kern/libdwarf_frame.o
 .debug_abbrev  0x00000000000021dd      0x223 obj/kern/libdwarf_lineno.o
 .debug_abbrev  0x0000000000002400      0x1e0 obj/kern/elf_rw.o
 .debug_abbrev  0x00000000000025e0       0x14 obj/kern/mpentry.o
 .debug_abbrev  0x00000000000025f4      0x22e obj/kern/mpconfig.o
 .debug_abbrev  0x0000000000002822      0x1d5 obj/kern/lapic.o
 .debug_abbrev  0x00000000000029f7      0x23f obj/kern/spinlock.o
 .debug_abbrev  0x0000000000002c36      0x129 obj/kern/e1000.o
 .debug_abbrev  0x0000000000002d5f      0x1c4 obj/kern/pci.o
 .debug_abbrev  0x0000000000002f23       0x78 obj/kern/time.o
 .debug_abbrev  0x0000000000002f9b      0x223 obj/vmm/ept.o
 .debug_abbrev  0x00000000000031be      0x3ae obj/vmm/vmx.o
 .debug_abbrev  0x000000000000356c      0x26d obj/vmm/vmexits.o

.debug_line     0x0000000000000000     0x4d05
 *(.debug_line)
 .debug_line    0x0000000000000000       0x99 obj/kern/bootstrap.o
 .debug_line    0x0000000000000099       0x51 obj/kern/entry.o
 .debug_line    0x00000000000000ea      0x1a9 obj/kern/init.o
 .debug_line    0x0000000000000293      0x2af obj/kern/console.o
 .debug_line    0x0000000000000542      0x1b0 obj/kern/monitor.o
 .debug_line    0x00000000000006f2      0xe76 obj/kern/pmap.o
 .debug_line    0x0000000000001568      0x497 obj/kern/env.o
 .debug_line    0x00000000000019ff       0x89 obj/kern/kclock.o
 .debug_line    0x0000000000001a88       0xad obj/kern/picirq.o
 .debug_line    0x0000000000001b35       0x82 obj/kern/printf.o
 .debug_line    0x0000000000001bb7      0x325 obj/kern/trap.o
 .debug_line    0x0000000000001edc       0x75 obj/kern/trapentry.o
 .debug_line    0x0000000000001f51      0x196 obj/kern/sched.o
 .debug_line    0x00000000000020e7      0x25d obj/kern/syscall.o
 .debug_line    0x0000000000002344      0x1e3 obj/kern/kdebug.o
 .debug_line    0x0000000000002527      0x28e obj/kern/printfmt.o
 .debug_line    0x00000000000027b5       0x94 obj/kern/readline.o
 .debug_line    0x0000000000002849      0x1eb obj/kern/string.o
 .debug_line    0x0000000000002a34      0x45a obj/kern/libdwarf_rw.o
 .debug_line    0x0000000000002e8e      0x4f9 obj/kern/libdwarf_frame.o
 .debug_line    0x0000000000003387      0x206 obj/kern/libdwarf_lineno.o
 .debug_line    0x000000000000358d      0x231 obj/kern/elf_rw.o
 .debug_line    0x00000000000037be       0x74 obj/kern/mpentry.o
 .debug_line    0x0000000000003832      0x1f9 obj/kern/mpconfig.o
 .debug_line    0x0000000000003a2b      0x16a obj/kern/lapic.o
 .debug_line    0x0000000000003b95      0x17a obj/kern/spinlock.o
 .debug_line    0x0000000000003d0f      0x17e obj/kern/e1000.o
 .debug_line    0x0000000000003e8d      0x1dc obj/kern/pci.o
 .debug_line    0x0000000000004069       0x50 obj/kern/time.o
 .debug_line    0x00000000000040b9      0x2a1 obj/vmm/ept.o
 .debug_line    0x000000000000435a      0x73d obj/vmm/vmx.o
 .debug_line    0x0000000000004a97      0x26e obj/vmm/vmexits.o

.debug_frame
 *(.debug_frame)

.debug_str      0x0000000000000000     0x343e
 *(.debug_str)
 .debug_str     0x0000000000000000      0x637 obj/kern/init.o
                                        0x6e0 (size before relaxing)
 .debug_str     0x0000000000000637      0x149 obj/kern/console.o
                                        0x2b7 (size before relaxing)
 .debug_str     0x0000000000000780      0x171 obj/kern/monitor.o
                                        0x451 (size before relaxing)
 .debug_str     0x00000000000008f1      0x54c obj/kern/pmap.o
                                        0xb4c (size before relaxing)
 .debug_str     0x0000000000000e3d      0x334 obj/kern/env.o
                                        0xa3a (size before relaxing)
 .debug_str     0x0000000000001171       0x31 obj/kern/kclock.o
                                        0x174 (size before relaxing)
 .debug_str     0x00000000000011a2       0x35 obj/kern/picirq.o
                                        0x1a7 (size before relaxing)
 .debug_str     0x00000000000011d7       0x17 obj/kern/printf.o
                                        0x1a9 (size before relaxing)
 .debug_str     0x00000000000011ee      0x282 obj/kern/trap.o
                                        0x921 (size before relaxing)
 .debug_str     0x0000000000001470       0x29 obj/kern/sched.o
                                        0x62b (size before relaxing)
 .debug_str     0x0000000000001499      0x34d obj/kern/syscall.o
                                        0x9fc (size before relaxing)
 .debug_str     0x00000000000017e6      0x905 obj/kern/kdebug.o
                                       0x100a (size before relaxing)
 .debug_str     0x00000000000020eb       0x93 obj/kern/printfmt.o
                                        0x349 (size before relaxing)
 .debug_str     0x000000000000217e       0x27 obj/kern/readline.o
                                        0x1e5 (size before relaxing)
 .debug_str     0x00000000000021a5       0x9e obj/kern/string.o
                                        0x202 (size before relaxing)
 .debug_str     0x0000000000002243      0x25c obj/kern/libdwarf_rw.o
                                        0xbf8 (size before relaxing)
 .debug_str     0x000000000000249f      0x2dd obj/kern/libdwarf_frame.o
                                        0xb51 (size before relaxing)
 .debug_str     0x000000000000277c      0x1bd obj/kern/libdwarf_lineno.o
                                        0xb9f (size before relaxing)
 .debug_str     0x0000000000002939      0x144 obj/kern/elf_rw.o
                                        0x45c (size before relaxing)
 .debug_str     0x0000000000002a7d       0xbe obj/kern/mpconfig.o
                                        0x692 (size before relaxing)
 .debug_str     0x0000000000002b3b       0x52 obj/kern/lapic.o
                                        0x5dc (size before relaxing)
 .debug_str     0x0000000000002b8d       0x4d obj/kern/spinlock.o
                                        0x6a6 (size before relaxing)
 .debug_str     0x0000000000002bda       0xd6 obj/kern/e1000.o
                                        0x375 (size before relaxing)
 .debug_str     0x0000000000002cb0      0x16f obj/kern/pci.o
                                        0x347 (size before relaxing)
 .debug_str     0x0000000000002e1f       0x26 obj/kern/time.o
                                        0x103 (size before relaxing)
 .debug_str     0x0000000000002e45      0x125 obj/vmm/ept.o
                                        0x6b3 (size before relaxing)
 .debug_str     0x0000000000002f6a      0x393 obj/vmm/vmx.o
                                        0xaf8 (size before relaxing)
 .debug_str     0x00000000000032fd      0x141 obj/vmm/vmexits.o
                                        0x8fe (size before relaxing)

.debug_loc      0x0000000000000000     0x6e10
 *(.debug_loc)
 .debug_loc     0x0000000000000000      0x264 obj/kern/init.o
 .debug_loc     0x0000000000000264      0x6c0 obj/kern/console.o
 .debug_loc     0x0000000000000924      0x240 obj/kern/monitor.o
 .debug_loc     0x0000000000000b64      0xc00 obj/kern/pmap.o
 .debug_loc     0x0000000000001764      0x6f8 obj/kern/env.o
 .debug_loc     0x0000000000001e5c       0xc0 obj/kern/kclock.o
 .debug_loc     0x0000000000001f1c      0x120 obj/kern/picirq.o
 .debug_loc     0x000000000000203c      0x120 obj/kern/printf.o
 .debug_loc     0x000000000000215c      0x398 obj/kern/trap.o
 .debug_loc     0x00000000000024f4      0x1e0 obj/kern/sched.o
 .debug_loc     0x00000000000026d4      0x938 obj/kern/syscall.o
 .debug_loc     0x000000000000300c       0xc0 obj/kern/kdebug.o
 .debug_loc     0x00000000000030cc      0x300 obj/kern/printfmt.o
 .debug_loc     0x00000000000033cc       0x60 obj/kern/readline.o
 .debug_loc     0x000000000000342c      0x660 obj/kern/string.o
 .debug_loc     0x0000000000003a8c      0x900 obj/kern/libdwarf_rw.o
 .debug_loc     0x000000000000438c      0x540 obj/kern/libdwarf_frame.o
 .debug_loc     0x00000000000048cc      0x180 obj/kern/libdwarf_lineno.o
 .debug_loc     0x0000000000004a4c      0x240 obj/kern/elf_rw.o
 .debug_loc     0x0000000000004c8c      0x1e0 obj/kern/mpconfig.o
 .debug_loc     0x0000000000004e6c      0x2a0 obj/kern/lapic.o
 .debug_loc     0x000000000000510c      0x240 obj/kern/spinlock.o
 .debug_loc     0x000000000000534c      0x120 obj/kern/e1000.o
 .debug_loc     0x000000000000546c      0x3c0 obj/kern/pci.o
 .debug_loc     0x000000000000582c      0x120 obj/kern/time.o
 .debug_loc     0x000000000000594c      0x58c obj/vmm/ept.o
 .debug_loc     0x0000000000005ed8      0x94c obj/vmm/vmx.o
 .debug_loc     0x0000000000006824      0x5ec obj/vmm/vmexits.o

.comment        0x0000000000000000       0x2b
 .comment       0x0000000000000000       0x2b obj/kern/init.o
                                         0x2c (size before relaxing)
 .comment       0x0000000000000000       0x2c obj/kern/console.o
 .comment       0x0000000000000000       0x2c obj/kern/monitor.o
 .comment       0x0000000000000000       0x2c obj/kern/pmap.o
 .comment       0x0000000000000000       0x2c obj/kern/env.o
 .comment       0x0000000000000000       0x2c obj/kern/kclock.o
 .comment       0x0000000000000000       0x2c obj/kern/picirq.o
 .comment       0x0000000000000000       0x2c obj/kern/printf.o
 .comment       0x0000000000000000       0x2c obj/kern/trap.o
 .comment       0x0000000000000000       0x2c obj/kern/sched.o
 .comment       0x0000000000000000       0x2c obj/kern/syscall.o
 .comment       0x0000000000000000       0x2c obj/kern/kdebug.o
 .comment       0x0000000000000000       0x2c obj/kern/printfmt.o
 .comment       0x0000000000000000       0x2c obj/kern/readline.o
 .comment       0x0000000000000000       0x2c obj/kern/string.o
 .comment       0x0000000000000000       0x2c obj/kern/libdwarf_rw.o
 .comment       0x0000000000000000       0x2c obj/kern/libdwarf_frame.o
 .comment       0x0000000000000000       0x2c obj/kern/libdwarf_lineno.o
 .comment       0x0000000000000000       0x2c obj/kern/elf_rw.o
 .comment       0x0000000000000000       0x2c obj/kern/mpconfig.o
 .comment       0x0000000000000000       0x2c obj/kern/lapic.o
 .comment       0x0000000000000000       0x2c obj/kern/spinlock.o
 .comment       0x0000000000000000       0x2c obj/kern/e1000.o
 .comment       0x0000000000000000       0x2c obj/kern/pci.o
 .comment       0x0000000000000000       0x2c obj/kern/time.o
 .comment       0x0000000000000000       0x2c obj/vmm/ept.o
 .comment       0x0000000000000000       0x2c obj/vmm/vmx.o
 .comment       0x0000000000000000       0x2c obj/vmm/vmexits.o

.debug_macinfo
 *(.debug_macinfo)

.debug_weaknames
 *(.debug_weaknames)

.debug_funcnames
 *(.debug_funcnames)

.debug_typenames
 *(.debug_typenames)

.debug_varnames
 *(.debug_varnames)

/DISCARD/
 *(.note.GNU-stack)
LOAD obj/kern/entry.o
LOAD obj/kern/bootstrap.o
LOAD obj/kern/init.o
LOAD obj/kern/console.o
LOAD obj/kern/monitor.o
LOAD obj/kern/pmap.o
LOAD obj/kern/env.o
LOAD obj/kern/kclock.o
LOAD obj/kern/picirq.o
LOAD obj/kern/printf.o
LOAD obj/kern/trap.o
LOAD obj/kern/trapentry.o
LOAD obj/kern/sched.o
LOAD obj/kern/syscall.o
LOAD obj/kern/kdebug.o
LOAD obj/kern/printfmt.o
LOAD obj/kern/readline.o
LOAD obj/kern/string.o
LOAD obj/kern/libdwarf_rw.o
LOAD obj/kern/libdwarf_frame.o
LOAD obj/kern/libdwarf_lineno.o
LOAD obj/kern/elf_rw.o
LOAD obj/kern/mpentry.o
LOAD obj/kern/mpconfig.o
LOAD obj/kern/lapic.o
LOAD obj/kern/spinlock.o
LOAD obj/kern/e1000.o
LOAD obj/kern/pci.o
LOAD obj/kern/time.o
LOAD obj/vmm/ept.o
LOAD obj/vmm/vmx.o
LOAD obj/vmm/vmexits.o
LOAD /usr/lib/gcc/x86_64-linux-gnu/4.8/libgcc.a
TARGET(binary)
LOAD obj/user/hello
LOAD obj/user/idle
LOAD obj/user/testfile
LOAD obj/user/writemotd
LOAD obj/user/spawnhello
LOAD obj/user/icode
LOAD obj/fs/fs
LOAD obj/user/testtime
LOAD obj/user/httpd
LOAD obj/user/echosrv
LOAD obj/user/echotest
LOAD obj/net/testoutput
LOAD obj/net/testinput
LOAD obj/net/ns
LOAD obj/user/testpteshare
LOAD obj/user/testfdsharing
LOAD obj/user/testpipe
LOAD obj/user/testpiperace
LOAD obj/user/testpiperace2
LOAD obj/user/primespipe
LOAD obj/user/testkbd
LOAD obj/user/testshell
LOAD obj/user/vmm
LOAD obj/user/sh
OUTPUT(obj/kern/kernel elf64-x86-64)
